I'm sorry, but errors were detected in your script. Please correct the
errors listed below, and try again.


File "game/script.rpy", line 35: expected ':' not found.
    else 
         ^

Ren'Py Version: Ren'Py 7.4.11.2266
Thu May  5 21:00:48 2022
